// Jest Snapshot v1, https://goo.gl/fbAQLP

exports[`Select.Combobox renders controlled correctly 1`] = `
<div
  class="rc-select rc-select-single"
>
  <div
    class="rc-select-content"
  >
    <div
      class="rc-select-placeholder"
      style="visibility: visible;"
    >
      Search
    </div>
    <input
      aria-autocomplete="list"
      aria-controls="test-id_list"
      aria-expanded="false"
      aria-haspopup="listbox"
      aria-owns="test-id_list"
      autocomplete="off"
      class="rc-select-input"
      id="test-id"
      readonly=""
      role="combobox"
      type="text"
      value=""
    />
  </div>
</div>
`;

exports[`Select.Combobox renders correctly 1`] = `
<div
  class="rc-select rc-select-single"
>
  <div
    class="rc-select-content"
  >
    <div
      class="rc-select-placeholder"
      style="visibility: visible;"
    >
      Search
    </div>
    <input
      aria-autocomplete="list"
      aria-controls="test-id_list"
      aria-expanded="false"
      aria-haspopup="listbox"
      aria-owns="test-id_list"
      autocomplete="off"
      class="rc-select-input"
      id="test-id"
      readonly=""
      role="combobox"
      type="text"
      value=""
    />
  </div>
</div>
`;
