// Jest Snapshot v1, https://goo.gl/fbAQLP

exports[`Select.Combobox renders controlled correctly 1`] = `
<div
  class="rc-select rc-select-single rc-select-show-search"
>
  <div
    class="rc-select-selector"
  >
    <span
      class="rc-select-selection-wrap"
    >
      <span
        class="rc-select-selection-search"
      >
        <input
          aria-autocomplete="list"
          aria-controls="test-id_list"
          aria-expanded="false"
          aria-haspopup="listbox"
          aria-owns="test-id_list"
          autocomplete="off"
          class="rc-select-selection-search-input"
          id="test-id"
          role="combobox"
          type="search"
          value=""
        />
      </span>
      <span
        class="rc-select-selection-placeholder"
      >
        Search
      </span>
    </span>
  </div>
</div>
`;

exports[`Select.Combobox renders correctly 1`] = `
<div
  class="rc-select rc-select-single rc-select-show-search"
>
  <div
    class="rc-select-selector"
  >
    <span
      class="rc-select-selection-wrap"
    >
      <span
        class="rc-select-selection-search"
      >
        <input
          aria-autocomplete="list"
          aria-controls="test-id_list"
          aria-expanded="false"
          aria-haspopup="listbox"
          aria-owns="test-id_list"
          autocomplete="off"
          class="rc-select-selection-search-input"
          id="test-id"
          role="combobox"
          type="search"
          value=""
        />
      </span>
      <span
        class="rc-select-selection-placeholder"
      >
        Search
      </span>
    </span>
  </div>
</div>
`;
