// Jest Snapshot v1, https://goo.gl/fbAQLP

exports[`Select.Multiple max tag render truncates tags by maxTagCount and show maxTagPlaceholder function 1`] = `
<div
  class="rc-select rc-select-multiple rc-select-show-search"
>
  <div
    class="rc-select-content"
  >
    <div
      class="rc-select-content-item"
      style="opacity: 1;"
    >
      <span
        class="rc-select-selection-item"
        title="One"
      >
        <span
          class="rc-select-selection-item-content"
        >
          One
        </span>
        <span
          aria-hidden="true"
          class="rc-select-selection-item-remove"
          style="user-select: none;"
          unselectable="on"
        >
          ×
        </span>
      </span>
    </div>
    <div
      class="rc-select-content-item"
      style="opacity: 1;"
    >
      <span
        class="rc-select-selection-item"
        title="Two"
      >
        <span
          class="rc-select-selection-item-content"
        >
          Two
        </span>
        <span
          aria-hidden="true"
          class="rc-select-selection-item-remove"
          style="user-select: none;"
          unselectable="on"
        >
          ×
        </span>
      </span>
    </div>
    <div
      class="rc-select-content-item rc-select-content-item-rest"
      style="opacity: 1;"
    >
      <span
        class="rc-select-selection-item"
      >
        <span
          class="rc-select-selection-item-content"
        >
          <span>
            1
             values omitted
          </span>
        </span>
      </span>
    </div>
    <div
      class="rc-select-content-item rc-select-content-item-suffix"
      style="opacity: 1;"
    >
      <input
        aria-autocomplete="list"
        aria-controls="test-id_list"
        aria-expanded="false"
        aria-haspopup="listbox"
        aria-owns="test-id_list"
        autocomplete="off"
        class="rc-select-input"
        id="test-id"
        role="combobox"
        style="--select-input-width: 0;"
        type="search"
        value=""
      />
    </div>
  </div>
</div>
`;

exports[`Select.Multiple max tag render truncates values by maxTagTextLength 1`] = `
[
  "On...",
  "Tw...",
]
`;
