// Jest Snapshot v1, https://goo.gl/fbAQLP

exports[`Select render renders correctly 1`] = `
initialize {
  "0": Object {
    "attribs": Object {
      "class": "antd select-test antd-single antd-allow-clear antd-show-arrow",
      "openclassname": "open-test",
    },
    "children": Array [
      Object {
        "attribs": Object {
          "class": "antd-selector",
        },
        "children": Array [
          Object {
            "attribs": Object {
              "class": "antd-selection-search",
            },
            "children": Array [
              Object {
                "attribs": Object {
                  "aria-activedescendant": "undefined_list_0",
                  "aria-autocomplete": "list",
                  "aria-controls": "undefined_list",
                  "aria-haspopup": "listbox",
                  "aria-owns": "undefined_list",
                  "autocomplete": "off",
                  "class": "antd-selection-search-input",
                  "role": "combobox",
                  "style": "opacity:0",
                  "value": "",
                },
                "children": Array [],
                "name": "input",
                "namespace": "http://www.w3.org/1999/xhtml",
                "next": null,
                "parent": [Circular],
                "prev": null,
                "type": "tag",
                "x-attribsNamespace": Object {
                  "aria-activedescendant": undefined,
                  "aria-autocomplete": undefined,
                  "aria-controls": undefined,
                  "aria-haspopup": undefined,
                  "aria-owns": undefined,
                  "autocomplete": undefined,
                  "class": undefined,
                  "role": undefined,
                  "style": undefined,
                  "value": undefined,
                },
                "x-attribsPrefix": Object {
                  "aria-activedescendant": undefined,
                  "aria-autocomplete": undefined,
                  "aria-controls": undefined,
                  "aria-haspopup": undefined,
                  "aria-owns": undefined,
                  "autocomplete": undefined,
                  "class": undefined,
                  "role": undefined,
                  "style": undefined,
                  "value": undefined,
                },
              },
            ],
            "name": "span",
            "namespace": "http://www.w3.org/1999/xhtml",
            "next": Object {
              "attribs": Object {
                "class": "antd-selection-item",
              },
              "children": Array [
                Object {
                  "data": "2",
                  "next": null,
                  "parent": [Circular],
                  "prev": null,
                  "type": "text",
                },
              ],
              "name": "span",
              "namespace": "http://www.w3.org/1999/xhtml",
              "next": null,
              "parent": [Circular],
              "prev": [Circular],
              "type": "tag",
              "x-attribsNamespace": Object {
                "class": undefined,
              },
              "x-attribsPrefix": Object {
                "class": undefined,
              },
            },
            "parent": [Circular],
            "prev": null,
            "type": "tag",
            "x-attribsNamespace": Object {
              "class": undefined,
            },
            "x-attribsPrefix": Object {
              "class": undefined,
            },
          },
          Object {
            "attribs": Object {
              "class": "antd-selection-item",
            },
            "children": Array [
              Object {
                "data": "2",
                "next": null,
                "parent": [Circular],
                "prev": null,
                "type": "text",
              },
            ],
            "name": "span",
            "namespace": "http://www.w3.org/1999/xhtml",
            "next": null,
            "parent": [Circular],
            "prev": Object {
              "attribs": Object {
                "class": "antd-selection-search",
              },
              "children": Array [
                Object {
                  "attribs": Object {
                    "aria-activedescendant": "undefined_list_0",
                    "aria-autocomplete": "list",
                    "aria-controls": "undefined_list",
                    "aria-haspopup": "listbox",
                    "aria-owns": "undefined_list",
                    "autocomplete": "off",
                    "class": "antd-selection-search-input",
                    "role": "combobox",
                    "style": "opacity:0",
                    "value": "",
                  },
                  "children": Array [],
                  "name": "input",
                  "namespace": "http://www.w3.org/1999/xhtml",
                  "next": null,
                  "parent": [Circular],
                  "prev": null,
                  "type": "tag",
                  "x-attribsNamespace": Object {
                    "aria-activedescendant": undefined,
                    "aria-autocomplete": undefined,
                    "aria-controls": undefined,
                    "aria-haspopup": undefined,
                    "aria-owns": undefined,
                    "autocomplete": undefined,
                    "class": undefined,
                    "role": undefined,
                    "style": undefined,
                    "value": undefined,
                  },
                  "x-attribsPrefix": Object {
                    "aria-activedescendant": undefined,
                    "aria-autocomplete": undefined,
                    "aria-controls": undefined,
                    "aria-haspopup": undefined,
                    "aria-owns": undefined,
                    "autocomplete": undefined,
                    "class": undefined,
                    "role": undefined,
                    "style": undefined,
                    "value": undefined,
                  },
                },
              ],
              "name": "span",
              "namespace": "http://www.w3.org/1999/xhtml",
              "next": [Circular],
              "parent": [Circular],
              "prev": null,
              "type": "tag",
              "x-attribsNamespace": Object {
                "class": undefined,
              },
              "x-attribsPrefix": Object {
                "class": undefined,
              },
            },
            "type": "tag",
            "x-attribsNamespace": Object {
              "class": undefined,
            },
            "x-attribsPrefix": Object {
              "class": undefined,
            },
          },
        ],
        "name": "div",
        "namespace": "http://www.w3.org/1999/xhtml",
        "next": Object {
          "attribs": Object {
            "aria-hidden": "true",
            "class": "antd-selection-arrow-icon",
            "style": "user-select:none;-webkit-user-select:none",
            "unselectable": "on",
          },
          "children": Array [
            Object {
              "attribs": Object {
                "class": "antd-selection-arrow-icon-icon",
              },
              "children": Array [],
              "name": "span",
              "namespace": "http://www.w3.org/1999/xhtml",
              "next": null,
              "parent": [Circular],
              "prev": null,
              "type": "tag",
              "x-attribsNamespace": Object {
                "class": undefined,
              },
              "x-attribsPrefix": Object {
                "class": undefined,
              },
            },
          ],
          "name": "span",
          "namespace": "http://www.w3.org/1999/xhtml",
          "next": Object {
            "attribs": Object {
              "aria-hidden": "true",
              "class": "antd-selection-clear-icon",
              "style": "user-select:none;-webkit-user-select:none",
              "unselectable": "on",
            },
            "children": Array [
              Object {
                "attribs": Object {
                  "class": "antd-selection-clear-icon-icon",
                },
                "children": Array [
                  Object {
                    "data": "×",
                    "next": null,
                    "parent": [Circular],
                    "prev": null,
                    "type": "text",
                  },
                ],
                "name": "span",
                "namespace": "http://www.w3.org/1999/xhtml",
                "next": null,
                "parent": [Circular],
                "prev": null,
                "type": "tag",
                "x-attribsNamespace": Object {
                  "class": undefined,
                },
                "x-attribsPrefix": Object {
                  "class": undefined,
                },
              },
            ],
            "name": "span",
            "namespace": "http://www.w3.org/1999/xhtml",
            "next": null,
            "parent": [Circular],
            "prev": [Circular],
            "type": "tag",
            "x-attribsNamespace": Object {
              "aria-hidden": undefined,
              "class": undefined,
              "style": undefined,
              "unselectable": undefined,
            },
            "x-attribsPrefix": Object {
              "aria-hidden": undefined,
              "class": undefined,
              "style": undefined,
              "unselectable": undefined,
            },
          },
          "parent": [Circular],
          "prev": [Circular],
          "type": "tag",
          "x-attribsNamespace": Object {
            "aria-hidden": undefined,
            "class": undefined,
            "style": undefined,
            "unselectable": undefined,
          },
          "x-attribsPrefix": Object {
            "aria-hidden": undefined,
            "class": undefined,
            "style": undefined,
            "unselectable": undefined,
          },
        },
        "parent": [Circular],
        "prev": null,
        "type": "tag",
        "x-attribsNamespace": Object {
          "class": undefined,
        },
        "x-attribsPrefix": Object {
          "class": undefined,
        },
      },
      Object {
        "attribs": Object {
          "aria-hidden": "true",
          "class": "antd-selection-arrow-icon",
          "style": "user-select:none;-webkit-user-select:none",
          "unselectable": "on",
        },
        "children": Array [
          Object {
            "attribs": Object {
              "class": "antd-selection-arrow-icon-icon",
            },
            "children": Array [],
            "name": "span",
            "namespace": "http://www.w3.org/1999/xhtml",
            "next": null,
            "parent": [Circular],
            "prev": null,
            "type": "tag",
            "x-attribsNamespace": Object {
              "class": undefined,
            },
            "x-attribsPrefix": Object {
              "class": undefined,
            },
          },
        ],
        "name": "span",
        "namespace": "http://www.w3.org/1999/xhtml",
        "next": Object {
          "attribs": Object {
            "aria-hidden": "true",
            "class": "antd-selection-clear-icon",
            "style": "user-select:none;-webkit-user-select:none",
            "unselectable": "on",
          },
          "children": Array [
            Object {
              "attribs": Object {
                "class": "antd-selection-clear-icon-icon",
              },
              "children": Array [
                Object {
                  "data": "×",
                  "next": null,
                  "parent": [Circular],
                  "prev": null,
                  "type": "text",
                },
              ],
              "name": "span",
              "namespace": "http://www.w3.org/1999/xhtml",
              "next": null,
              "parent": [Circular],
              "prev": null,
              "type": "tag",
              "x-attribsNamespace": Object {
                "class": undefined,
              },
              "x-attribsPrefix": Object {
                "class": undefined,
              },
            },
          ],
          "name": "span",
          "namespace": "http://www.w3.org/1999/xhtml",
          "next": null,
          "parent": [Circular],
          "prev": [Circular],
          "type": "tag",
          "x-attribsNamespace": Object {
            "aria-hidden": undefined,
            "class": undefined,
            "style": undefined,
            "unselectable": undefined,
          },
          "x-attribsPrefix": Object {
            "aria-hidden": undefined,
            "class": undefined,
            "style": undefined,
            "unselectable": undefined,
          },
        },
        "parent": [Circular],
        "prev": Object {
          "attribs": Object {
            "class": "antd-selector",
          },
          "children": Array [
            Object {
              "attribs": Object {
                "class": "antd-selection-search",
              },
              "children": Array [
                Object {
                  "attribs": Object {
                    "aria-activedescendant": "undefined_list_0",
                    "aria-autocomplete": "list",
                    "aria-controls": "undefined_list",
                    "aria-haspopup": "listbox",
                    "aria-owns": "undefined_list",
                    "autocomplete": "off",
                    "class": "antd-selection-search-input",
                    "role": "combobox",
                    "style": "opacity:0",
                    "value": "",
                  },
                  "children": Array [],
                  "name": "input",
                  "namespace": "http://www.w3.org/1999/xhtml",
                  "next": null,
                  "parent": [Circular],
                  "prev": null,
                  "type": "tag",
                  "x-attribsNamespace": Object {
                    "aria-activedescendant": undefined,
                    "aria-autocomplete": undefined,
                    "aria-controls": undefined,
                    "aria-haspopup": undefined,
                    "aria-owns": undefined,
                    "autocomplete": undefined,
                    "class": undefined,
                    "role": undefined,
                    "style": undefined,
                    "value": undefined,
                  },
                  "x-attribsPrefix": Object {
                    "aria-activedescendant": undefined,
                    "aria-autocomplete": undefined,
                    "aria-controls": undefined,
                    "aria-haspopup": undefined,
                    "aria-owns": undefined,
                    "autocomplete": undefined,
                    "class": undefined,
                    "role": undefined,
                    "style": undefined,
                    "value": undefined,
                  },
                },
              ],
              "name": "span",
              "namespace": "http://www.w3.org/1999/xhtml",
              "next": Object {
                "attribs": Object {
                  "class": "antd-selection-item",
                },
                "children": Array [
                  Object {
                    "data": "2",
                    "next": null,
                    "parent": [Circular],
                    "prev": null,
                    "type": "text",
                  },
                ],
                "name": "span",
                "namespace": "http://www.w3.org/1999/xhtml",
                "next": null,
                "parent": [Circular],
                "prev": [Circular],
                "type": "tag",
                "x-attribsNamespace": Object {
                  "class": undefined,
                },
                "x-attribsPrefix": Object {
                  "class": undefined,
                },
              },
              "parent": [Circular],
              "prev": null,
              "type": "tag",
              "x-attribsNamespace": Object {
                "class": undefined,
              },
              "x-attribsPrefix": Object {
                "class": undefined,
              },
            },
            Object {
              "attribs": Object {
                "class": "antd-selection-item",
              },
              "children": Array [
                Object {
                  "data": "2",
                  "next": null,
                  "parent": [Circular],
                  "prev": null,
                  "type": "text",
                },
              ],
              "name": "span",
              "namespace": "http://www.w3.org/1999/xhtml",
              "next": null,
              "parent": [Circular],
              "prev": Object {
                "attribs": Object {
                  "class": "antd-selection-search",
                },
                "children": Array [
                  Object {
                    "attribs": Object {
                      "aria-activedescendant": "undefined_list_0",
                      "aria-autocomplete": "list",
                      "aria-controls": "undefined_list",
                      "aria-haspopup": "listbox",
                      "aria-owns": "undefined_list",
                      "autocomplete": "off",
                      "class": "antd-selection-search-input",
                      "role": "combobox",
                      "style": "opacity:0",
                      "value": "",
                    },
                    "children": Array [],
                    "name": "input",
                    "namespace": "http://www.w3.org/1999/xhtml",
                    "next": null,
                    "parent": [Circular],
                    "prev": null,
                    "type": "tag",
                    "x-attribsNamespace": Object {
                      "aria-activedescendant": undefined,
                      "aria-autocomplete": undefined,
                      "aria-controls": undefined,
                      "aria-haspopup": undefined,
                      "aria-owns": undefined,
                      "autocomplete": undefined,
                      "class": undefined,
                      "role": undefined,
                      "style": undefined,
                      "value": undefined,
                    },
                    "x-attribsPrefix": Object {
                      "aria-activedescendant": undefined,
                      "aria-autocomplete": undefined,
                      "aria-controls": undefined,
                      "aria-haspopup": undefined,
                      "aria-owns": undefined,
                      "autocomplete": undefined,
                      "class": undefined,
                      "role": undefined,
                      "style": undefined,
                      "value": undefined,
                    },
                  },
                ],
                "name": "span",
                "namespace": "http://www.w3.org/1999/xhtml",
                "next": [Circular],
                "parent": [Circular],
                "prev": null,
                "type": "tag",
                "x-attribsNamespace": Object {
                  "class": undefined,
                },
                "x-attribsPrefix": Object {
                  "class": undefined,
                },
              },
              "type": "tag",
              "x-attribsNamespace": Object {
                "class": undefined,
              },
              "x-attribsPrefix": Object {
                "class": undefined,
              },
            },
          ],
          "name": "div",
          "namespace": "http://www.w3.org/1999/xhtml",
          "next": [Circular],
          "parent": [Circular],
          "prev": null,
          "type": "tag",
          "x-attribsNamespace": Object {
            "class": undefined,
          },
          "x-attribsPrefix": Object {
            "class": undefined,
          },
        },
        "type": "tag",
        "x-attribsNamespace": Object {
          "aria-hidden": undefined,
          "class": undefined,
          "style": undefined,
          "unselectable": undefined,
        },
        "x-attribsPrefix": Object {
          "aria-hidden": undefined,
          "class": undefined,
          "style": undefined,
          "unselectable": undefined,
        },
      },
      Object {
        "attribs": Object {
          "aria-hidden": "true",
          "class": "antd-selection-clear-icon",
          "style": "user-select:none;-webkit-user-select:none",
          "unselectable": "on",
        },
        "children": Array [
          Object {
            "attribs": Object {
              "class": "antd-selection-clear-icon-icon",
            },
            "children": Array [
              Object {
                "data": "×",
                "next": null,
                "parent": [Circular],
                "prev": null,
                "type": "text",
              },
            ],
            "name": "span",
            "namespace": "http://www.w3.org/1999/xhtml",
            "next": null,
            "parent": [Circular],
            "prev": null,
            "type": "tag",
            "x-attribsNamespace": Object {
              "class": undefined,
            },
            "x-attribsPrefix": Object {
              "class": undefined,
            },
          },
        ],
        "name": "span",
        "namespace": "http://www.w3.org/1999/xhtml",
        "next": null,
        "parent": [Circular],
        "prev": Object {
          "attribs": Object {
            "aria-hidden": "true",
            "class": "antd-selection-arrow-icon",
            "style": "user-select:none;-webkit-user-select:none",
            "unselectable": "on",
          },
          "children": Array [
            Object {
              "attribs": Object {
                "class": "antd-selection-arrow-icon-icon",
              },
              "children": Array [],
              "name": "span",
              "namespace": "http://www.w3.org/1999/xhtml",
              "next": null,
              "parent": [Circular],
              "prev": null,
              "type": "tag",
              "x-attribsNamespace": Object {
                "class": undefined,
              },
              "x-attribsPrefix": Object {
                "class": undefined,
              },
            },
          ],
          "name": "span",
          "namespace": "http://www.w3.org/1999/xhtml",
          "next": [Circular],
          "parent": [Circular],
          "prev": Object {
            "attribs": Object {
              "class": "antd-selector",
            },
            "children": Array [
              Object {
                "attribs": Object {
                  "class": "antd-selection-search",
                },
                "children": Array [
                  Object {
                    "attribs": Object {
                      "aria-activedescendant": "undefined_list_0",
                      "aria-autocomplete": "list",
                      "aria-controls": "undefined_list",
                      "aria-haspopup": "listbox",
                      "aria-owns": "undefined_list",
                      "autocomplete": "off",
                      "class": "antd-selection-search-input",
                      "role": "combobox",
                      "style": "opacity:0",
                      "value": "",
                    },
                    "children": Array [],
                    "name": "input",
                    "namespace": "http://www.w3.org/1999/xhtml",
                    "next": null,
                    "parent": [Circular],
                    "prev": null,
                    "type": "tag",
                    "x-attribsNamespace": Object {
                      "aria-activedescendant": undefined,
                      "aria-autocomplete": undefined,
                      "aria-controls": undefined,
                      "aria-haspopup": undefined,
                      "aria-owns": undefined,
                      "autocomplete": undefined,
                      "class": undefined,
                      "role": undefined,
                      "style": undefined,
                      "value": undefined,
                    },
                    "x-attribsPrefix": Object {
                      "aria-activedescendant": undefined,
                      "aria-autocomplete": undefined,
                      "aria-controls": undefined,
                      "aria-haspopup": undefined,
                      "aria-owns": undefined,
                      "autocomplete": undefined,
                      "class": undefined,
                      "role": undefined,
                      "style": undefined,
                      "value": undefined,
                    },
                  },
                ],
                "name": "span",
                "namespace": "http://www.w3.org/1999/xhtml",
                "next": Object {
                  "attribs": Object {
                    "class": "antd-selection-item",
                  },
                  "children": Array [
                    Object {
                      "data": "2",
                      "next": null,
                      "parent": [Circular],
                      "prev": null,
                      "type": "text",
                    },
                  ],
                  "name": "span",
                  "namespace": "http://www.w3.org/1999/xhtml",
                  "next": null,
                  "parent": [Circular],
                  "prev": [Circular],
                  "type": "tag",
                  "x-attribsNamespace": Object {
                    "class": undefined,
                  },
                  "x-attribsPrefix": Object {
                    "class": undefined,
                  },
                },
                "parent": [Circular],
                "prev": null,
                "type": "tag",
                "x-attribsNamespace": Object {
                  "class": undefined,
                },
                "x-attribsPrefix": Object {
                  "class": undefined,
                },
              },
              Object {
                "attribs": Object {
                  "class": "antd-selection-item",
                },
                "children": Array [
                  Object {
                    "data": "2",
                    "next": null,
                    "parent": [Circular],
                    "prev": null,
                    "type": "text",
                  },
                ],
                "name": "span",
                "namespace": "http://www.w3.org/1999/xhtml",
                "next": null,
                "parent": [Circular],
                "prev": Object {
                  "attribs": Object {
                    "class": "antd-selection-search",
                  },
                  "children": Array [
                    Object {
                      "attribs": Object {
                        "aria-activedescendant": "undefined_list_0",
                        "aria-autocomplete": "list",
                        "aria-controls": "undefined_list",
                        "aria-haspopup": "listbox",
                        "aria-owns": "undefined_list",
                        "autocomplete": "off",
                        "class": "antd-selection-search-input",
                        "role": "combobox",
                        "style": "opacity:0",
                        "value": "",
                      },
                      "children": Array [],
                      "name": "input",
                      "namespace": "http://www.w3.org/1999/xhtml",
                      "next": null,
                      "parent": [Circular],
                      "prev": null,
                      "type": "tag",
                      "x-attribsNamespace": Object {
                        "aria-activedescendant": undefined,
                        "aria-autocomplete": undefined,
                        "aria-controls": undefined,
                        "aria-haspopup": undefined,
                        "aria-owns": undefined,
                        "autocomplete": undefined,
                        "class": undefined,
                        "role": undefined,
                        "style": undefined,
                        "value": undefined,
                      },
                      "x-attribsPrefix": Object {
                        "aria-activedescendant": undefined,
                        "aria-autocomplete": undefined,
                        "aria-controls": undefined,
                        "aria-haspopup": undefined,
                        "aria-owns": undefined,
                        "autocomplete": undefined,
                        "class": undefined,
                        "role": undefined,
                        "style": undefined,
                        "value": undefined,
                      },
                    },
                  ],
                  "name": "span",
                  "namespace": "http://www.w3.org/1999/xhtml",
                  "next": [Circular],
                  "parent": [Circular],
                  "prev": null,
                  "type": "tag",
                  "x-attribsNamespace": Object {
                    "class": undefined,
                  },
                  "x-attribsPrefix": Object {
                    "class": undefined,
                  },
                },
                "type": "tag",
                "x-attribsNamespace": Object {
                  "class": undefined,
                },
                "x-attribsPrefix": Object {
                  "class": undefined,
                },
              },
            ],
            "name": "div",
            "namespace": "http://www.w3.org/1999/xhtml",
            "next": [Circular],
            "parent": [Circular],
            "prev": null,
            "type": "tag",
            "x-attribsNamespace": Object {
              "class": undefined,
            },
            "x-attribsPrefix": Object {
              "class": undefined,
            },
          },
          "type": "tag",
          "x-attribsNamespace": Object {
            "aria-hidden": undefined,
            "class": undefined,
            "style": undefined,
            "unselectable": undefined,
          },
          "x-attribsPrefix": Object {
            "aria-hidden": undefined,
            "class": undefined,
            "style": undefined,
            "unselectable": undefined,
          },
        },
        "type": "tag",
        "x-attribsNamespace": Object {
          "aria-hidden": undefined,
          "class": undefined,
          "style": undefined,
          "unselectable": undefined,
        },
        "x-attribsPrefix": Object {
          "aria-hidden": undefined,
          "class": undefined,
          "style": undefined,
          "unselectable": undefined,
        },
      },
    ],
    "name": "div",
    "namespace": "http://www.w3.org/1999/xhtml",
    "next": null,
    "parent": null,
    "prev": null,
    "root": Object {
      "attribs": Object {},
      "children": Array [
        [Circular],
      ],
      "name": "root",
      "namespace": "http://www.w3.org/1999/xhtml",
      "next": null,
      "parent": null,
      "prev": null,
      "type": "root",
      "x-attribsNamespace": Object {},
      "x-attribsPrefix": Object {},
    },
    "type": "tag",
    "x-attribsNamespace": Object {
      "class": undefined,
      "openclassname": undefined,
    },
    "x-attribsPrefix": Object {
      "class": undefined,
      "openclassname": undefined,
    },
  },
  "_root": [Circular],
  "length": 1,
  "options": Object {
    "decodeEntities": true,
    "normalizeWhitespace": false,
    "withDomLvl1": true,
    "xml": false,
  },
}
`;
