// Jest Snapshot v1, https://goo.gl/fbAQLP

exports[`Select.SSR should work 1`] = `"<div class="rc-select rc-select-single"><div class="rc-select-selector"><span class="rc-select-selection-search"><input type="search" autoComplete="off" class="rc-select-selection-search-input" role="combobox" aria-expanded="false" aria-haspopup="listbox" aria-owns="undefined_list" aria-autocomplete="list" aria-controls="undefined_list" value="" readonly="" unselectable="on" style="opacity:0"/></span><input class="rc-select-native-input" style="position:absolute;overflow:hidden;width:1px;height:1px;border:0;margin:-1px;padding:0;clip:rect(0 0 0 0);white-space:nowrap"/><span class="rc-select-selection-placeholder"></span></div></div>"`;
