// Jest Snapshot v1, https://goo.gl/fbAQLP

exports[`Select.Tags OptGroup renders correctly 1`] = `
<div>
  <div
    class="rc-select rc-select-multiple rc-select-open rc-select-show-search"
  >
    <div
      class="rc-select-content"
    >
      <div
        class="rc-select-content-item"
        style="opacity: 1;"
      >
        <span
          class="rc-select-selection-item"
          title="Jack"
        >
          <span
            class="rc-select-selection-item-content"
          >
            Jack
          </span>
          <span
            aria-hidden="true"
            class="rc-select-selection-item-remove"
            style="user-select: none;"
            unselectable="on"
          >
            ×
          </span>
        </span>
      </div>
      <div
        class="rc-select-content-item"
        style="opacity: 1;"
      >
        <span
          class="rc-select-selection-item"
          title="foo"
        >
          <span
            class="rc-select-selection-item-content"
          >
            foo
          </span>
          <span
            aria-hidden="true"
            class="rc-select-selection-item-remove"
            style="user-select: none;"
            unselectable="on"
          >
            ×
          </span>
        </span>
      </div>
      <div
        class="rc-select-content-item rc-select-content-item-suffix"
        style="opacity: 1;"
      >
        <input
          aria-activedescendant="test-id_list_1"
          aria-autocomplete="list"
          aria-controls="test-id_list"
          aria-expanded="true"
          aria-haspopup="listbox"
          aria-owns="test-id_list"
          autocomplete="off"
          class="rc-select-input"
          id="test-id"
          role="combobox"
          style="--select-input-width: 0;"
          type="search"
          value=""
        />
      </div>
    </div>
  </div>
  <div
    class="rc-select-dropdown rc-select-dropdown-placement-bottomLeft"
    style="--arrow-x: 0px; --arrow-y: 0px; left: -1000vw; top: -1000vh; box-sizing: border-box;"
  >
    <div>
      <div
        id="test-id_list"
        role="listbox"
        style="height: 0px; width: 0px; overflow: hidden;"
      >
        <div
          aria-selected="false"
          id="test-id_list_0"
          role="presentation"
        />
        <div
          aria-label="Jack"
          aria-selected="true"
          id="test-id_list_1"
          role="option"
        >
          jack
        </div>
        <div
          aria-selected="false"
          id="test-id_list_2"
          role="presentation"
        />
      </div>
      <div
        class="rc-virtual-list"
        style="position: relative;"
      >
        <div
          class="rc-virtual-list-holder"
          style="max-height: 200px; overflow-y: auto;"
        >
          <div>
            <div
              class="rc-virtual-list-holder-inner"
              style="display: flex; flex-direction: column;"
            >
              <div
                class="rc-select-item rc-select-item-group"
                title="Manager"
              >
                Manager
              </div>
              <div
                aria-disabled="false"
                class="rc-select-item rc-select-item-option rc-select-item-option-grouped rc-select-item-option-active rc-select-item-option-selected"
                title="Jack"
              >
                <div
                  class="rc-select-item-option-content"
                >
                  Jack
                </div>
                <span
                  aria-hidden="true"
                  class="rc-select-item-option-state"
                  style="user-select: none;"
                  unselectable="on"
                >
                  <span
                    class="rc-select-item-option-state-icon"
                  >
                    ✓
                  </span>
                </span>
              </div>
              <div
                class="rc-select-item rc-select-item-group"
                title="Engineer"
              >
                Engineer
              </div>
              <div
                aria-disabled="false"
                class="rc-select-item rc-select-item-option rc-select-item-option-grouped"
                title="yiminghe"
              >
                <div
                  class="rc-select-item-option-content"
                >
                  yiminghe
                </div>
                <span
                  aria-hidden="true"
                  class="rc-select-item-option-state"
                  style="user-select: none;"
                  unselectable="on"
                >
                  <span
                    class="rc-select-item-option-state-icon"
                  />
                </span>
              </div>
              <div
                aria-disabled="false"
                class="rc-select-item rc-select-item-option rc-select-item-option-selected"
                title="foo"
              >
                <div
                  class="rc-select-item-option-content"
                >
                  foo
                </div>
                <span
                  aria-hidden="true"
                  class="rc-select-item-option-state"
                  style="user-select: none;"
                  unselectable="on"
                >
                  <span
                    class="rc-select-item-option-state-icon"
                  >
                    ✓
                  </span>
                </span>
              </div>
            </div>
          </div>
        </div>
      </div>
    </div>
  </div>
</div>
`;

exports[`Select.Tags max tag render truncates values by maxTagTextLength 1`] = `
[
  "On...",
  "Tw...",
]
`;
